FILA 1 EVENTOS 15 IMPACTO 64140 RACHA 15 INICIO 16
FILA 2 EVENTOS 15 IMPACTO 64140 RACHA 15 INICIO 16
FILA 3 EVENTOS 15 IMPACTO 64140 RACHA 15 INICIO 16
FILA 4 EVENTOS 15 IMPACTO 64140 RACHA 15 INICIO 16
FILA 5 EVENTOS 15 IMPACTO 64140 RACHA 15 INICIO 16
FILA 6 EVENTOS 15 IMPACTO 64140 RACHA 15 INICIO 16
FILA 7 EVENTOS 15 IMPACTO 64140 RACHA 15 INICIO 16
FILA 8 EVENTOS 15 IMPACTO 64140 RACHA 15 INICIO 16
FILA 9 EVENTOS 15 IMPACTO 64140 RACHA 15 INICIO 16
FILA 10 EVENTOS 15 IMPACTO 64140 RACHA 15 INICIO 16
FILA 11 EVENTOS 15 IMPACTO 64140 RACHA 15 INICIO 16
FILA 12 EVENTOS 15 IMPACTO 64140 RACHA 15 INICIO 16
FILA 13 EVENTOS 15 IMPACTO 64140 RACHA 15 INICIO 16
FILA 14 EVENTOS 16 IMPACTO 77648 RACHA 16 INICIO 13
FILA 15 EVENTOS 18 IMPACTO 92610 RACHA 18 INICIO 9
FILA 16 EVENTOS 19 IMPACTO 108718 RACHA 19 INICIO 6
FILA 17 EVENTOS 21 IMPACTO 126294 RACHA 21 INICIO 2
FILA 18 EVENTOS 20 IMPACTO 143220 RACHA 20 INICIO 1
FILA 19 EVENTOS 18 IMPACTO 154674 RACHA 18 INICIO 1
FILA 20 EVENTOS 16 IMPACTO 160400 RACHA 16 INICIO 1
FILA 21 EVENTOS 14 IMPACTO 160398 RACHA 14 INICIO 1
FILA 22 EVENTOS 12 IMPACTO 154668 RACHA 12 INICIO 1
FILA 23 EVENTOS 10 IMPACTO 143210 RACHA 10 INICIO 1
FILA 24 EVENTOS 9 IMPACTO 126282 RACHA 8 INICIO 1
FILA 25 EVENTOS 10 IMPACTO 108730 RACHA 6 INICIO 1
FILA 26 EVENTOS 12 IMPACTO 92604 RACHA 8 INICIO 23
FILA 27 EVENTOS 12 IMPACTO 84846 RACHA 9 INICIO 22
FILA 28 EVENTOS 14 IMPACTO 70750 RACHA 13 INICIO 18
FILA 29 EVENTOS 15 IMPACTO 64140 RACHA 15 INICIO 16
FILA 30 EVENTOS 15 IMPACTO 64140 RACHA 15 INICIO 16
COLUMNAS 11 11 11 10 9 10 9 9 9 9 8 8 8 8 7 22 21 22 21 21 20 21 21 21 20 20 20 20 19 20
PRIORIDAD 17
COLUMNA 16
